------------------------------------------------------------
TimeQuest Timing Analyzer Summary
------------------------------------------------------------

Type  : Slow 1200mV 85C Model Setup 'Input_Reciver:comb_3|generate_ic_number:gin1|ic_no_generated'
Slack : -3.609
TNS   : -12.082

Type  : Slow 1200mV 85C Model Setup 'Input_Reciver:comb_3|IR_RECEIVE:u1|data_ready2'
Slack : -2.990
TNS   : -92.279

Type  : Slow 1200mV 85C Model Setup 'clk'
Slack : -1.639
TNS   : -49.039

Type  : Slow 1200mV 85C Model Setup 'testing_logic:tl1|logical_function_check:lfc1|pass1'
Slack : -1.011
TNS   : -1.011

Type  : Slow 1200mV 85C Model Setup 'comb_3|u0|altpll_component|auto_generated|pll1|clk[0]'
Slack : 13.004
TNS   : 0.000

Type  : Slow 1200mV 85C Model Hold 'testing_logic:tl1|logical_function_check:lfc1|pass1'
Slack : -5.546
TNS   : -9.868

Type  : Slow 1200mV 85C Model Hold 'Input_Reciver:comb_3|generate_ic_number:gin1|ic_no_generated'
Slack : -2.459
TNS   : -7.195

Type  : Slow 1200mV 85C Model Hold 'Input_Reciver:comb_3|IR_RECEIVE:u1|data_ready2'
Slack : -1.318
TNS   : -8.833

Type  : Slow 1200mV 85C Model Hold 'clk'
Slack : 0.284
TNS   : 0.000

Type  : Slow 1200mV 85C Model Hold 'comb_3|u0|altpll_component|auto_generated|pll1|clk[0]'
Slack : 0.401
TNS   : 0.000

Type  : Slow 1200mV 85C Model Recovery 'testing_logic:tl1|logical_function_check:lfc1|pass1'
Slack : 0.273
TNS   : 0.000

Type  : Slow 1200mV 85C Model Removal 'testing_logic:tl1|logical_function_check:lfc1|pass1'
Slack : -2.411
TNS   : -6.836

Type  : Slow 1200mV 85C Model Minimum Pulse Width 'Input_Reciver:comb_3|IR_RECEIVE:u1|data_ready2'
Slack : -1.285
TNS   : -46.260

Type  : Slow 1200mV 85C Model Minimum Pulse Width 'testing_logic:tl1|logical_function_check:lfc1|pass1'
Slack : -0.483
TNS   : -7.267

Type  : Slow 1200mV 85C Model Minimum Pulse Width 'Input_Reciver:comb_3|generate_ic_number:gin1|ic_no_generated'
Slack : 0.446
TNS   : 0.000

Type  : Slow 1200mV 85C Model Minimum Pulse Width 'comb_3|u0|altpll_component|auto_generated|pll1|clk[0]'
Slack : 9.709
TNS   : 0.000

Type  : Slow 1200mV 85C Model Minimum Pulse Width 'clk'
Slack : 9.746
TNS   : 0.000

Type  : Slow 1200mV 0C Model Setup 'Input_Reciver:comb_3|generate_ic_number:gin1|ic_no_generated'
Slack : -3.228
TNS   : -10.752

Type  : Slow 1200mV 0C Model Setup 'Input_Reciver:comb_3|IR_RECEIVE:u1|data_ready2'
Slack : -2.687
TNS   : -81.567

Type  : Slow 1200mV 0C Model Setup 'clk'
Slack : -1.436
TNS   : -41.288

Type  : Slow 1200mV 0C Model Setup 'testing_logic:tl1|logical_function_check:lfc1|pass1'
Slack : -1.037
TNS   : -1.037

Type  : Slow 1200mV 0C Model Setup 'comb_3|u0|altpll_component|auto_generated|pll1|clk[0]'
Slack : 13.681
TNS   : 0.000

Type  : Slow 1200mV 0C Model Hold 'testing_logic:tl1|logical_function_check:lfc1|pass1'
Slack : -4.958
TNS   : -8.811

Type  : Slow 1200mV 0C Model Hold 'Input_Reciver:comb_3|generate_ic_number:gin1|ic_no_generated'
Slack : -2.170
TNS   : -6.301

Type  : Slow 1200mV 0C Model Hold 'Input_Reciver:comb_3|IR_RECEIVE:u1|data_ready2'
Slack : -1.022
TNS   : -4.644

Type  : Slow 1200mV 0C Model Hold 'clk'
Slack : 0.258
TNS   : 0.000

Type  : Slow 1200mV 0C Model Hold 'comb_3|u0|altpll_component|auto_generated|pll1|clk[0]'
Slack : 0.353
TNS   : 0.000

Type  : Slow 1200mV 0C Model Recovery 'testing_logic:tl1|logical_function_check:lfc1|pass1'
Slack : 0.068
TNS   : 0.000

Type  : Slow 1200mV 0C Model Removal 'testing_logic:tl1|logical_function_check:lfc1|pass1'
Slack : -2.159
TNS   : -6.126

Type  : Slow 1200mV 0C Model Minimum Pulse Width 'Input_Reciver:comb_3|IR_RECEIVE:u1|data_ready2'
Slack : -1.285
TNS   : -46.260

Type  : Slow 1200mV 0C Model Minimum Pulse Width 'testing_logic:tl1|logical_function_check:lfc1|pass1'
Slack : -0.378
TNS   : -5.771

Type  : Slow 1200mV 0C Model Minimum Pulse Width 'Input_Reciver:comb_3|generate_ic_number:gin1|ic_no_generated'
Slack : 0.465
TNS   : 0.000

Type  : Slow 1200mV 0C Model Minimum Pulse Width 'comb_3|u0|altpll_component|auto_generated|pll1|clk[0]'
Slack : 9.709
TNS   : 0.000

Type  : Slow 1200mV 0C Model Minimum Pulse Width 'clk'
Slack : 9.740
TNS   : 0.000

Type  : Fast 1200mV 0C Model Setup 'Input_Reciver:comb_3|generate_ic_number:gin1|ic_no_generated'
Slack : -1.281
TNS   : -4.087

Type  : Fast 1200mV 0C Model Setup 'Input_Reciver:comb_3|IR_RECEIVE:u1|data_ready2'
Slack : -0.942
TNS   : -27.229

Type  : Fast 1200mV 0C Model Setup 'clk'
Slack : -0.596
TNS   : -13.931

Type  : Fast 1200mV 0C Model Setup 'testing_logic:tl1|logical_function_check:lfc1|pass1'
Slack : -0.111
TNS   : -0.111

Type  : Fast 1200mV 0C Model Setup 'comb_3|u0|altpll_component|auto_generated|pll1|clk[0]'
Slack : 16.547
TNS   : 0.000

Type  : Fast 1200mV 0C Model Hold 'testing_logic:tl1|logical_function_check:lfc1|pass1'
Slack : -2.991
TNS   : -5.072

Type  : Fast 1200mV 0C Model Hold 'Input_Reciver:comb_3|generate_ic_number:gin1|ic_no_generated'
Slack : -1.478
TNS   : -4.381

Type  : Fast 1200mV 0C Model Hold 'Input_Reciver:comb_3|IR_RECEIVE:u1|data_ready2'
Slack : -0.665
TNS   : -5.053

Type  : Fast 1200mV 0C Model Hold 'clk'
Slack : -0.002
TNS   : -0.010

Type  : Fast 1200mV 0C Model Hold 'comb_3|u0|altpll_component|auto_generated|pll1|clk[0]'
Slack : 0.181
TNS   : 0.000

Type  : Fast 1200mV 0C Model Recovery 'testing_logic:tl1|logical_function_check:lfc1|pass1'
Slack : 0.658
TNS   : 0.000

Type  : Fast 1200mV 0C Model Removal 'testing_logic:tl1|logical_function_check:lfc1|pass1'
Slack : -1.182
TNS   : -3.355

Type  : Fast 1200mV 0C Model Minimum Pulse Width 'Input_Reciver:comb_3|IR_RECEIVE:u1|data_ready2'
Slack : -1.000
TNS   : -36.000

Type  : Fast 1200mV 0C Model Minimum Pulse Width 'testing_logic:tl1|logical_function_check:lfc1|pass1'
Slack : -0.123
TNS   : -0.825

Type  : Fast 1200mV 0C Model Minimum Pulse Width 'Input_Reciver:comb_3|generate_ic_number:gin1|ic_no_generated'
Slack : 0.335
TNS   : 0.000

Type  : Fast 1200mV 0C Model Minimum Pulse Width 'clk'
Slack : 9.410
TNS   : 0.000

Type  : Fast 1200mV 0C Model Minimum Pulse Width 'comb_3|u0|altpll_component|auto_generated|pll1|clk[0]'
Slack : 9.780
TNS   : 0.000

------------------------------------------------------------
