------------------------------------------------------------
TimeQuest Timing Analyzer Summary
------------------------------------------------------------

Type  : Slow 1200mV 85C Model Setup 'Input_Reciver:comb_3|IR_RECEIVE:u1|data_ready2'
Slack : -2.977
TNS   : -89.294

Type  : Slow 1200mV 85C Model Setup 'clk'
Slack : -1.806
TNS   : -38.633

Type  : Slow 1200mV 85C Model Setup 'comb_3|u0|altpll_component|auto_generated|pll1|clk[0]'
Slack : 14.504
TNS   : 0.000

Type  : Slow 1200mV 85C Model Hold 'Input_Reciver:comb_3|IR_RECEIVE:u1|data_ready2'
Slack : -1.208
TNS   : -13.831

Type  : Slow 1200mV 85C Model Hold 'clk'
Slack : 0.403
TNS   : 0.000

Type  : Slow 1200mV 85C Model Hold 'comb_3|u0|altpll_component|auto_generated|pll1|clk[0]'
Slack : 0.403
TNS   : 0.000

Type  : Slow 1200mV 85C Model Minimum Pulse Width 'Input_Reciver:comb_3|IR_RECEIVE:u1|data_ready2'
Slack : -1.285
TNS   : -46.260

Type  : Slow 1200mV 85C Model Minimum Pulse Width 'comb_3|u0|altpll_component|auto_generated|pll1|clk[0]'
Slack : 9.709
TNS   : 0.000

Type  : Slow 1200mV 85C Model Minimum Pulse Width 'clk'
Slack : 9.750
TNS   : 0.000

Type  : Slow 1200mV 0C Model Setup 'Input_Reciver:comb_3|IR_RECEIVE:u1|data_ready2'
Slack : -2.670
TNS   : -78.849

Type  : Slow 1200mV 0C Model Setup 'clk'
Slack : -1.547
TNS   : -31.893

Type  : Slow 1200mV 0C Model Setup 'comb_3|u0|altpll_component|auto_generated|pll1|clk[0]'
Slack : 15.055
TNS   : 0.000

Type  : Slow 1200mV 0C Model Hold 'Input_Reciver:comb_3|IR_RECEIVE:u1|data_ready2'
Slack : -0.921
TNS   : -8.579

Type  : Slow 1200mV 0C Model Hold 'clk'
Slack : 0.355
TNS   : 0.000

Type  : Slow 1200mV 0C Model Hold 'comb_3|u0|altpll_component|auto_generated|pll1|clk[0]'
Slack : 0.355
TNS   : 0.000

Type  : Slow 1200mV 0C Model Minimum Pulse Width 'Input_Reciver:comb_3|IR_RECEIVE:u1|data_ready2'
Slack : -1.285
TNS   : -46.260

Type  : Slow 1200mV 0C Model Minimum Pulse Width 'comb_3|u0|altpll_component|auto_generated|pll1|clk[0]'
Slack : 9.711
TNS   : 0.000

Type  : Slow 1200mV 0C Model Minimum Pulse Width 'clk'
Slack : 9.775
TNS   : 0.000

Type  : Fast 1200mV 0C Model Setup 'Input_Reciver:comb_3|IR_RECEIVE:u1|data_ready2'
Slack : -0.928
TNS   : -24.907

Type  : Fast 1200mV 0C Model Setup 'clk'
Slack : -0.666
TNS   : -12.283

Type  : Fast 1200mV 0C Model Setup 'comb_3|u0|altpll_component|auto_generated|pll1|clk[0]'
Slack : 17.328
TNS   : 0.000

Type  : Fast 1200mV 0C Model Hold 'Input_Reciver:comb_3|IR_RECEIVE:u1|data_ready2'
Slack : -0.631
TNS   : -8.558

Type  : Fast 1200mV 0C Model Hold 'comb_3|u0|altpll_component|auto_generated|pll1|clk[0]'
Slack : 0.182
TNS   : 0.000

Type  : Fast 1200mV 0C Model Hold 'clk'
Slack : 0.183
TNS   : 0.000

Type  : Fast 1200mV 0C Model Minimum Pulse Width 'Input_Reciver:comb_3|IR_RECEIVE:u1|data_ready2'
Slack : -1.000
TNS   : -36.000

Type  : Fast 1200mV 0C Model Minimum Pulse Width 'clk'
Slack : 9.415
TNS   : 0.000

Type  : Fast 1200mV 0C Model Minimum Pulse Width 'comb_3|u0|altpll_component|auto_generated|pll1|clk[0]'
Slack : 9.780
TNS   : 0.000

------------------------------------------------------------
